This is pdfTeX, Version 3.141592653-2.6-1.40.29 (MiKTeX 26.2) (preloaded format=pdflatex 2026.3.6)  18 MAR 2026 13:44
entering extended mode
 \write18 enabled.
 file:line:error style messages enabled.
 %&-line parsing enabled.
**c:/Users/wrp19/Dissertation/Thesis.tex
(c:/Users/wrp19/Dissertation/Thesis.tex
LaTeX2e <2025-11-01>
L3 programming layer <2026-01-19>
(osudissert96.cls
Document Class: osudissert96 1998/11/02 1996 OSU Thesis/Dissertation Class
*** Originally based on the 1996 Graduate School Format ***
Version 1.2 of osudissert96.cls (1998/11/02)
(C:\Users\wrp19\AppData\Local\Programs\MiKTeX\tex/latex/base\report.cls
Document Class: report 2025/01/22 v1.4n Standard LaTeX document class
(C:\Users\wrp19\AppData\Local\Programs\MiKTeX\tex/latex/base\size12.clo
File: size12.clo 2025/01/22 v1.4n Standard LaTeX file (size option)
)
\c@part=\count275
\c@chapter=\count276
\c@section=\count277
\c@subsection=\count278
\c@subsubsection=\count279
\c@paragraph=\count280
\c@subparagraph=\count281
\c@figure=\count282
\c@table=\count283
\abovecaptionskip=\skip49
\belowcaptionskip=\skip50
\bibindent=\dimen148
) (osudissert96-mods.sty
Version 1.5 of osudissert96-mods.sty (1998/11/02)
\singlespacelength=\skip51
\doublespacelength=\skip52
\triplespacelength=\skip53
\c@disspage=\count284
)) (C:\Users\wrp19\AppData\Local\Programs\MiKTeX\tex/latex/graphics\graphicx.sty
Package: graphicx 2024/12/31 v1.2e Enhanced LaTeX Graphics (DPC,SPQR)
 (C:\Users\wrp19\AppData\Local\Programs\MiKTeX\tex/latex/graphics\keyval.sty
Package: keyval 2022/05/29 v1.15 key=value parser (DPC)
\KV@toks@=\toks17
) (C:\Users\wrp19\AppData\Local\Programs\MiKTeX\tex/latex/graphics\graphics.sty
Package: graphics 2024/08/06 v1.4g Standard LaTeX Graphics (DPC,SPQR)
 (C:\Users\wrp19\AppData\Local\Programs\MiKTeX\tex/latex/graphics\trig.sty
Package: trig 2023/12/02 v1.11 sin cos tan (DPC)
) (C:\Users\wrp19\AppData\Local\Programs\MiKTeX\tex/latex/graphics-cfg\graphics.cfg
File: graphics.cfg 2016/06/04 v1.11 sample graphics configuration
)
Package graphics Info: Driver file: pdftex.def on input line 106.
 (C:\Users\wrp19\AppData\Local\Programs\MiKTeX\tex/latex/graphics-def\pdftex.def
File: pdftex.def 2025/09/29 v1.2d Graphics/color driver for pdftex
))
\Gin@req@height=\dimen149
\Gin@req@width=\dimen150
) (C:\Users\wrp19\AppData\Local\Programs\MiKTeX\tex/latex/url\url.sty
\Urlmuskip=\muskip17
Package: url 2013/09/16  ver 3.4  Verb mode for urls, etc.
) (C:\Users\wrp19\AppData\Local\Programs\MiKTeX\tex/latex/base\fontenc.sty
Package: fontenc 2025/07/18 v2.1d Standard LaTeX package
) (C:\Users\wrp19\AppData\Local\Programs\MiKTeX\tex/latex/was\upgreek.sty
Package: upgreek 2003/02/12 v2.0 (WaS)
Package upgreek Info: Using Euler Roman for upright Greek on input line 31.
\symugrf@m=\mathgroup4
LaTeX Font Info:    Overwriting symbol font `ugrf@m' in version `bold'
(Font)                  U/eur/m/n --> U/eur/b/n on input line 38.
) (C:\Users\wrp19\AppData\Local\Programs\MiKTeX\tex/latex/hyperref\hyperref.sty
Package: hyperref 2026-01-29 v7.01p Hypertext links for LaTeX
 (C:\Users\wrp19\AppData\Local\Programs\MiKTeX\tex/generic/iftex\iftex.sty
Package: iftex 2024/12/12 v1.0g TeX engine tests
) (C:\Users\wrp19\AppData\Local\Programs\MiKTeX\tex/latex/kvsetkeys\kvsetkeys.sty
Package: kvsetkeys 2022-10-05 v1.19 Key value parser (HO)
) (C:\Users\wrp19\AppData\Local\Programs\MiKTeX\tex/generic/kvdefinekeys\kvdefinekeys.sty
Package: kvdefinekeys 2019-12-19 v1.6 Define keys (HO)
) (C:\Users\wrp19\AppData\Local\Programs\MiKTeX\tex/generic/pdfescape\pdfescape.sty
Package: pdfescape 2019/12/09 v1.15 Implements pdfTeX's escape features (HO)
 (C:\Users\wrp19\AppData\Local\Programs\MiKTeX\tex/generic/ltxcmds\ltxcmds.sty
Package: ltxcmds 2023-12-04 v1.26 LaTeX kernel commands for general use (HO)
) (C:\Users\wrp19\AppData\Local\Programs\MiKTeX\tex/generic/pdftexcmds\pdftexcmds.sty
Package: pdftexcmds 2020-06-27 v0.33 Utility functions of pdfTeX for LuaTeX (HO)
 (C:\Users\wrp19\AppData\Local\Programs\MiKTeX\tex/generic/infwarerr\infwarerr.sty
Package: infwarerr 2019/12/03 v1.5 Providing info/warning/error messages (HO)
)
Package pdftexcmds Info: \pdf@primitive is available.
Package pdftexcmds Info: \pdf@ifprimitive is available.
Package pdftexcmds Info: \pdfdraftmode found.
)) (C:\Users\wrp19\AppData\Local\Programs\MiKTeX\tex/latex/hycolor\hycolor.sty
Package: hycolor 2020-01-27 v1.10 Color options for hyperref/bookmark (HO)
) (C:\Users\wrp19\AppData\Local\Programs\MiKTeX\tex/latex/hyperref\nameref.sty
Package: nameref 2026-01-29 v2.58 Cross-referencing by name of section
 (C:\Users\wrp19\AppData\Local\Programs\MiKTeX\tex/latex/refcount\refcount.sty
Package: refcount 2019/12/15 v3.6 Data extraction from label references (HO)
) (C:\Users\wrp19\AppData\Local\Programs\MiKTeX\tex/generic/gettitlestring\gettitlestring.sty
Package: gettitlestring 2019/12/15 v1.6 Cleanup title references (HO)
 (C:\Users\wrp19\AppData\Local\Programs\MiKTeX\tex/latex/kvoptions\kvoptions.sty
Package: kvoptions 2022-06-15 v3.15 Key value format for package options (HO)
))
\c@section@level=\count285
) (C:\Users\wrp19\AppData\Local\Programs\MiKTeX\tex/latex/etoolbox\etoolbox.sty
Package: etoolbox 2025/10/02 v2.5m e-TeX tools for LaTeX (JAW)
\etb@tempcnta=\count286
) (C:\Users\wrp19\AppData\Local\Programs\MiKTeX\tex/generic/stringenc\stringenc.sty
Package: stringenc 2019/11/29 v1.12 Convert strings between diff. encodings (HO)
)
\@linkdim=\dimen151
\Hy@linkcounter=\count287
\Hy@pagecounter=\count288
 (C:\Users\wrp19\AppData\Local\Programs\MiKTeX\tex/latex/hyperref\pd1enc.def
File: pd1enc.def 2026-01-29 v7.01p Hyperref: PDFDocEncoding definition (HO)
Now handling font encoding PD1 ...
... no UTF-8 mapping file for font encoding PD1
) (C:\Users\wrp19\AppData\Local\Programs\MiKTeX\tex/generic/intcalc\intcalc.sty
Package: intcalc 2019/12/15 v1.3 Expandable calculations with integers (HO)
)
\Hy@SavedSpaceFactor=\count289
 (C:\Users\wrp19\AppData\Local\Programs\MiKTeX\tex/latex/hyperref\puenc.def
File: puenc.def 2026-01-29 v7.01p Hyperref: PDF Unicode definition (HO)
Now handling font encoding PU ...
... no UTF-8 mapping file for font encoding PU
)
Package hyperref Info: Hyper figures OFF on input line 4201.
Package hyperref Info: Link nesting OFF on input line 4206.
Package hyperref Info: Hyper index ON on input line 4209.
Package hyperref Info: Plain pages OFF on input line 4216.
Package hyperref Info: Backreferencing OFF on input line 4221.
Package hyperref Info: Implicit mode ON; LaTeX internals redefined.
Package hyperref Info: Bookmarks ON on input line 4468.
\c@Hy@tempcnt=\count290
LaTeX Info: Redefining \url on input line 4807.
\XeTeXLinkMargin=\dimen152
 (C:\Users\wrp19\AppData\Local\Programs\MiKTeX\tex/generic/bitset\bitset.sty
Package: bitset 2019/12/09 v1.3 Handle bit-vector datatype (HO)
 (C:\Users\wrp19\AppData\Local\Programs\MiKTeX\tex/generic/bigintcalc\bigintcalc.sty
Package: bigintcalc 2019/12/15 v1.5 Expandable calculations on big integers (HO)
))
\Fld@menulength=\count291
\Field@Width=\dimen153
\Fld@charsize=\dimen154
Package hyperref Info: Hyper figures OFF on input line 6084.
Package hyperref Info: Link nesting OFF on input line 6089.
Package hyperref Info: Hyper index ON on input line 6092.
Package hyperref Info: backreferencing OFF on input line 6099.
Package hyperref Info: Link coloring OFF on input line 6104.
Package hyperref Info: Link coloring with OCG OFF on input line 6109.
Package hyperref Info: PDF/A mode OFF on input line 6114.
\Hy@abspage=\count292
\c@Item=\count293
\c@Hfootnote=\count294
)
Package hyperref Info: Driver (autodetected): hpdftex.
 (C:\Users\wrp19\AppData\Local\Programs\MiKTeX\tex/latex/hyperref\hpdftex.def
File: hpdftex.def 2026-01-29 v7.01p Hyperref driver for pdfTeX
\Fld@listcount=\count295
\c@bookmark@seq@number=\count296
 (C:\Users\wrp19\AppData\Local\Programs\MiKTeX\tex/latex/rerunfilecheck\rerunfilecheck.sty
Package: rerunfilecheck 2025-06-21 v1.11 Rerun checks for auxiliary files (HO)
 (C:\Users\wrp19\AppData\Local\Programs\MiKTeX\tex/generic/uniquecounter\uniquecounter.sty
Package: uniquecounter 2019/12/15 v1.4 Provide unlimited unique counter (HO)
)
Package uniquecounter Info: New unique counter `rerunfilecheck' on input line 284.
)
\Hy@SectionHShift=\skip54
) (C:\Users\wrp19\AppData\Local\Programs\MiKTeX\tex/latex/amsmath\amsmath.sty
Package: amsmath 2025/07/09 v2.17z AMS math features
\@mathmargin=\skip55

For additional information on amsmath, use the `?' option.
(C:\Users\wrp19\AppData\Local\Programs\MiKTeX\tex/latex/amsmath\amstext.sty
Package: amstext 2024/11/17 v2.01 AMS text
 (C:\Users\wrp19\AppData\Local\Programs\MiKTeX\tex/latex/amsmath\amsgen.sty
File: amsgen.sty 1999/11/30 v2.0 generic functions
\@emptytoks=\toks18
\ex@=\dimen155
)) (C:\Users\wrp19\AppData\Local\Programs\MiKTeX\tex/latex/amsmath\amsbsy.sty
Package: amsbsy 1999/11/29 v1.2d Bold Symbols
\pmbraise@=\dimen156
) (C:\Users\wrp19\AppData\Local\Programs\MiKTeX\tex/latex/amsmath\amsopn.sty
Package: amsopn 2022/04/08 v2.04 operator names
)
\inf@bad=\count297
LaTeX Info: Redefining \frac on input line 233.
\uproot@=\count298
\leftroot@=\count299
LaTeX Info: Redefining \overline on input line 398.
LaTeX Info: Redefining \colon on input line 409.
\classnum@=\count300
\DOTSCASE@=\count301
LaTeX Info: Redefining \ldots on input line 495.
LaTeX Info: Redefining \dots on input line 498.
LaTeX Info: Redefining \cdots on input line 619.
\Mathstrutbox@=\box53
\strutbox@=\box54
LaTeX Info: Redefining \big on input line 721.
LaTeX Info: Redefining \Big on input line 722.
LaTeX Info: Redefining \bigg on input line 723.
LaTeX Info: Redefining \Bigg on input line 724.
\big@size=\dimen157
LaTeX Font Info:    Redeclaring font encoding OML on input line 742.
LaTeX Font Info:    Redeclaring font encoding OMS on input line 743.
\macc@depth=\count302
LaTeX Info: Redefining \bmod on input line 904.
LaTeX Info: Redefining \pmod on input line 909.
LaTeX Info: Redefining \smash on input line 939.
LaTeX Info: Redefining \relbar on input line 969.
LaTeX Info: Redefining \Relbar on input line 970.
\c@MaxMatrixCols=\count303
\dotsspace@=\muskip18
\c@parentequation=\count304
\dspbrk@lvl=\count305
\tag@help=\toks19
\row@=\count306
\column@=\count307
\maxfields@=\count308
\andhelp@=\toks20
\eqnshift@=\dimen158
\alignsep@=\dimen159
\tagshift@=\dimen160
\tagwidth@=\dimen161
\totwidth@=\dimen162
\lineht@=\dimen163
\@envbody=\toks21
\multlinegap=\skip56
\multlinetaggap=\skip57
\mathdisplay@stack=\toks22
LaTeX Info: Redefining \[ on input line 2950.
LaTeX Info: Redefining \] on input line 2951.
) (C:\Users\wrp19\AppData\Local\Programs\MiKTeX\tex/latex/amsfonts\amssymb.sty
Package: amssymb 2013/01/14 v3.01 AMS font symbols
 (C:\Users\wrp19\AppData\Local\Programs\MiKTeX\tex/latex/amsfonts\amsfonts.sty
Package: amsfonts 2013/01/14 v3.01 Basic AMSFonts support
\symAMSa=\mathgroup5
\symAMSb=\mathgroup6
LaTeX Font Info:    Redeclaring math symbol \hbar on input line 98.
LaTeX Font Info:    Overwriting math alphabet `\mathfrak' in version `bold'
(Font)                  U/euf/m/n --> U/euf/b/n on input line 106.
)) (C:\Users\wrp19\AppData\Local\Programs\MiKTeX\tex/latex/lineno\lineno.sty
Package: lineno 2026/02/16 line numbers on paragraphs v5.7
\linenopenalty=\count309
\output=\toks23
\linenoprevgraf=\count310
\linenumbersep=\dimen164
\linenumberwidth=\dimen165
\c@linenumber=\count311
\c@pagewiselinenumber=\count312
\c@LN@truepage=\count313
\c@internallinenumber=\count314
\c@internallinenumbers=\count315
\quotelinenumbersep=\dimen166
\bframerule=\dimen167
\bframesep=\dimen168
\bframebox=\box55
\@LN@amsmath@ams@eqpen=\count316
) (C:\Users\wrp19\AppData\Local\Programs\MiKTeX\tex/latex/booktabs\booktabs.sty
Package: booktabs 2020/01/12 v1.61803398 Publication quality tables
\heavyrulewidth=\dimen169
\lightrulewidth=\dimen170
\cmidrulewidth=\dimen171
\belowrulesep=\dimen172
\belowbottomsep=\dimen173
\aboverulesep=\dimen174
\abovetopsep=\dimen175
\cmidrulesep=\dimen176
\cmidrulekern=\dimen177
\defaultaddspace=\dimen178
\@cmidla=\count317
\@cmidlb=\count318
\@aboverulesep=\dimen179
\@belowrulesep=\dimen180
\@thisruleclass=\count319
\@lastruleclass=\count320
\@thisrulewidth=\dimen181
) (C:\Users\wrp19\AppData\Local\Programs\MiKTeX\tex/latex/l3backend\l3backend-pdftex.def
File: l3backend-pdftex.def 2025-10-09 L3 backend support: PDF output (pdfTeX)
\l__color_backend_stack_int=\count321
) (Thesis.aux (ack.aux) (vita.aux) (ch1.intro.aux) (ch2.problem.aux) (ch3.PerFn.aux) (ch4.solarcells.aux) (ch6.aux) (app1.aux) (app2.aux))
\openout1 = `Thesis.aux'.

LaTeX Font Info:    Checking defaults for OML/cmm/m/it on input line 61.
LaTeX Font Info:    ... okay on input line 61.
LaTeX Font Info:    Checking defaults for OMS/cmsy/m/n on input line 61.
LaTeX Font Info:    ... okay on input line 61.
LaTeX Font Info:    Checking defaults for OT1/cmr/m/n on input line 61.
LaTeX Font Info:    ... okay on input line 61.
LaTeX Font Info:    Checking defaults for T1/cmr/m/n on input line 61.
LaTeX Font Info:    ... okay on input line 61.
LaTeX Font Info:    Checking defaults for TS1/cmr/m/n on input line 61.
LaTeX Font Info:    ... okay on input line 61.
LaTeX Font Info:    Checking defaults for OMX/cmex/m/n on input line 61.
LaTeX Font Info:    ... okay on input line 61.
LaTeX Font Info:    Checking defaults for U/cmr/m/n on input line 61.
LaTeX Font Info:    ... okay on input line 61.
LaTeX Font Info:    Checking defaults for PD1/pdf/m/n on input line 61.
LaTeX Font Info:    ... okay on input line 61.
LaTeX Font Info:    Checking defaults for PU/pdf/m/n on input line 61.
LaTeX Font Info:    ... okay on input line 61.
 (C:\Users\wrp19\AppData\Local\Programs\MiKTeX\tex/context/base/mkii\supp-pdf.mkii
[Loading MPS to PDF converter (version 2006.09.02).]
\scratchcounter=\count322
\scratchdimen=\dimen182
\scratchbox=\box56
\nofMPsegments=\count323
\nofMParguments=\count324
\everyMPshowfont=\toks24
\MPscratchCnt=\count325
\MPscratchDim=\dimen183
\MPnumerator=\count326
\makeMPintoPDFobject=\count327
\everyMPtoPDFconversion=\toks25
) (C:\Users\wrp19\AppData\Local\Programs\MiKTeX\tex/latex/epstopdf-pkg\epstopdf-base.sty
Package: epstopdf-base 2020-01-24 v2.11 Base part for package epstopdf
Package epstopdf-base Info: Redefining graphics rule for `.eps' on input line 485.
 (C:\Users\wrp19\AppData\Local\Programs\MiKTeX\tex/latex/00miktex\epstopdf-sys.cfg
File: epstopdf-sys.cfg 2021/03/18 v2.0 Configuration of epstopdf for MiKTeX
))
Package hyperref Info: Link coloring OFF on input line 61.
 (Thesis.out) (Thesis.out)
\@outlinefile=\write3
\openout3 = `Thesis.out'.

LaTeX Font Info:    Trying to load font information for U+msa on input line 83.
 (C:\Users\wrp19\AppData\Local\Programs\MiKTeX\tex/latex/amsfonts\umsa.fd
File: umsa.fd 2013/01/14 v3.01 AMS symbols A
)
LaTeX Font Info:    Trying to load font information for U+msb on input line 83.
 (C:\Users\wrp19\AppData\Local\Programs\MiKTeX\tex/latex/amsfonts\umsb.fd
File: umsb.fd 2013/01/14 v3.01 AMS symbols B
) [1


{C:/Users/wrp19/AppData/Local/MiKTeX/fonts/map/pdftex/pdftex.map}] [1

]

Package hyperref Warning: bookmark level for unknown front defaults to 0.

(abstract.tex [2

]) [3] [4

]
\openout2 = `ack.aux'.

 (ack.tex) [5


]
\openout2 = `vita.aux'.

 (vita.tex
Overfull \hbox (1.15556pt too wide) in paragraph at lines 19--19
\T1/cmr/m/n/12 W. Panac-cione, Z. Shi, P. Kand-lakunta, T. Nichols, S. White, J. Huang, and L. R. Cao.
 []

[6




]) [7] (Thesis.toc [8
\def\@LN@column{1}



] [9] [10])
\tf@toc=\write4
\openout4 = `Thesis.toc'.

 [11] (Thesis.lot
Overfull \hbox (15.62466pt too wide) in paragraph at lines 3--3
 \T1/cmr/m/n/12 NRL FBF. Un-cer-tain-ties are $\OMS/cmsy/m/n/12 ^^F\OT1/cmr/m/n/12 1\OML/cmm/m/it/12 ^^[$ \T1/cmr/m/n/12 over the mea-sure-ment in-ter-val. ``Gamma 
 []

)
\tf@lot=\write5
\openout5 = `Thesis.lot'.

 [12

] (Thesis.lof
Overfull \hbox (2.19313pt too wide) in paragraph at lines 7--7
 [][] [][]\T1/cmr/m/n/12 Cross-sectional schematic of single-event burnout (SEB) in an n-channel 
 []

[13

]
Overfull \hbox (3.46278pt too wide) in paragraph at lines 13--13
 \T1/cmr/m/n/12 monitoring op-er-a-tion; the Ag back con-tact com-pletes the Cs$[]$FA$[]$PbI$[]$ 
 []

[14]
Overfull \hbox (21.04pt too wide) in paragraph at lines 15--15
 [][] [][]\T1/cmr/m/n/12 Current-voltage char-ac-ter-is-tics of the Cs$[]$FA$[]$PbI$[]$ mod-ule un-der Amptek 
 []


Overfull \hbox (33.20374pt too wide) in paragraph at lines 17--17
 [][] [][]\T1/cmr/m/n/12 Long-term evo-lu-tion of $\OML/cmm/m/it/12 I[]$ \T1/cmr/m/n/12 un-der con-tin-u-ous $[]$Cs ir-ra-di-a-tion (44.16 radhr$[]$) 
 []

[15] [16])
\tf@lof=\write6
\openout6 = `Thesis.lof'.

 [17]
\openout2 = `ch1.intro.aux'.

 (ch1.intro.tex
Chapter 1.
[1


]
Overfull \hbox (4.3638pt too wide) in paragraph at lines 55--64
\T1/cmr/m/n/12 one coun-tries, with a com-bined net ca-pac-ity that reached a record 369GWe in 2024 [[]].
 []

[2]
Overfull \hbox (2.46364pt too wide) in paragraph at lines 85--99
[]\T1/cmr/m/n/12 Continuous ra-di-a-tion mon-i-tor-ing across neu-tron flux, gamma dose, pri-mary coolant
 []

[3] [4] [5] [6] [7] [8] [9] [10]
Overfull \hbox (0.89322pt too wide) in paragraph at lines 335--342
\T1/cmr/m/n/12 sponse, and the ma-te-rial in-sta-bil-ity mech-a-nisms ^^V ion mi-gra-tion, humidity-dependent
 []

[11]) [12] [13]
\openout2 = `ch2.problem.aux'.

 (ch2.problem.tex
Chapter 2.

LaTeX Warning: Reference `ch:MHyPbCl3' on page 14 undefined on input line 10.


Package hyperref Warning: Token not allowed in a PDF string (Unicode):
(hyperref)                removing `math shift' on input line 26.


Package hyperref Warning: Token not allowed in a PDF string (Unicode):
(hyperref)                removing `subscript' on input line 26.


Package hyperref Warning: Token not allowed in a PDF string (Unicode):
(hyperref)                removing `math shift' on input line 26.

[14




]

LaTeX Warning: Reference `ch:MAPbI3hBN' on page 15 undefined on input line 83.

[15] [16]

LaTeX Warning: Reference `ch:2Dperovskite' on page 17 undefined on input line 148.


Overfull \hbox (13.59456pt too wide) in paragraph at lines 134--152
[]\T1/cmr/m/n/12 For the present work, the rel-e-vant com-po-si-tion is the $\OML/cmm/m/it/12 n \OT1/cmr/m/n/12 = 3$ \T1/cmr/m/n/12 mem-ber PEA$[]$MA$[]$Pb$[]$I$[]$,
 []

[17]

Package hyperref Warning: Token not allowed in a PDF string (Unicode):
(hyperref)                removing `math shift' on input line 153.


Package hyperref Warning: Token not allowed in a PDF string (Unicode):
(hyperref)                removing `subscript' on input line 153.


Package hyperref Warning: Token not allowed in a PDF string (Unicode):
(hyperref)                removing `math shift' on input line 153.


LaTeX Warning: Reference `ch:MHyPbCl3' on page 18 undefined on input line 173.

[18] [19] [20] [21]
Overfull \hbox (6.7137pt too wide) in paragraph at lines 308--308
[]\T1/cmr/bx/n/14.4 Wide Bandgap Semi-con-duc-tors for Room-Temperature De-
 []

[22] [23] [24] [25] [26] [27] [28] [29]
Overfull \hbox (12.06688pt too wide) in paragraph at lines 582--595
\T1/cmr/m/n/12 ture com-pound semi-con-duc-tors. Single-crystal MAPbI$[]$ ex-hibits $\OML/cmm/m/it/12 ^^V[]^^\[] \OMS/cmsy/m/n/12 ^^Y \OT1/cmr/m/n/12 8 \OMS/cmsy/m/n/12 ^^B \OT1/cmr/m/n/12 10[]$ \T1/cmr/m/n/12 cm$[]$V$[]$
 []

[30] [31] [32]

LaTeX Warning: Reference `ch:2Dperovskite' on page 33 undefined on input line 674.

[33] [34]

LaTeX Warning: Reference `ch:2Dperovskite' on page 35 undefined on input line 768.

[35]

Package hyperref Warning: Token not allowed in a PDF string (Unicode):
(hyperref)                removing `math shift' on input line 794.


Package hyperref Warning: Token not allowed in a PDF string (Unicode):
(hyperref)                removing `subscript' on input line 794.


Package hyperref Warning: Token not allowed in a PDF string (Unicode):
(hyperref)                removing `math shift' on input line 794.

[36] [37]

LaTeX Warning: Reference `ch:MHyPbCl3' on page 38 undefined on input line 842.


LaTeX Warning: Reference `ch:2Dperovskite' on page 38 undefined on input line 863.

[38]

LaTeX Warning: Reference `ch:MHyPbCl3' on page 39 undefined on input line 876.

) [39] [40]
\openout2 = `ch3.PerFn.aux'.

 (ch3.PerFn.tex
Chapter 3.

LaTeX Warning: Reference `ch:intro' on page 41 undefined on input line 19.


LaTeX Warning: Reference `ch:FPGA_system' on page 41 undefined on input line 21.

[41




] [42] [43] [44] [45] [46]
<figures/2_1-electron-concent-funneling.pdf, id=1447, 414.04688pt x 353.06906pt>
File: figures/2_1-electron-concent-funneling.pdf Graphic file (type pdf)
<use figures/2_1-electron-concent-funneling.pdf>
Package pdftex.def Info: figures/2_1-electron-concent-funneling.pdf  used on input line 229.
(pdftex.def)             Requested size: 260.17464pt x 221.86362pt.
<figures/2_1-electrostatic-pot-funneling.pdf, id=1448, 409.53pt x 414.04688pt>
File: figures/2_1-electrostatic-pot-funneling.pdf Graphic file (type pdf)
<use figures/2_1-electrostatic-pot-funneling.pdf>
Package pdftex.def Info: figures/2_1-electrostatic-pot-funneling.pdf  used on input line 241.
(pdftex.def)             Requested size: 260.17464pt x 263.06215pt.
 [47]
<figures/2_1-see-tax-tree.pdf, id=1460, 956.07187pt x 331.2375pt>
File: figures/2_1-see-tax-tree.pdf Graphic file (type pdf)
<use figures/2_1-see-tax-tree.pdf>
Package pdftex.def Info: figures/2_1-see-tax-tree.pdf  used on input line 290.
(pdftex.def)             Requested size: 368.57964pt x 127.69614pt.
 [48 <./figures/2_1-electron-concent-funneling.pdf>] [49 <./figures/2_1-electrostatic-pot-funneling.pdf> <./figures/2_1-see-tax-tree.pdf

pdfTeX warning: pdflatex (file ./figures/2_1-see-tax-tree.pdf): PDF inclusion: multiple pdfs with page group included in a single page
>] [50]
<figures/2_2-SET-Diagram.png, id=1502, 330.033pt x 252.945pt>
File: figures/2_2-SET-Diagram.png Graphic file (type png)
<use figures/2_2-SET-Diagram.png>
Package pdftex.def Info: figures/2_2-SET-Diagram.png  used on input line 352.
(pdftex.def)             Requested size: 281.85034pt x 216.01549pt.
<figures/2_2-SET-FF-and-Propigation.png, id=1506, 316.18124pt x 329.43076pt>
File: figures/2_2-SET-FF-and-Propigation.png Graphic file (type png)
<use figures/2_2-SET-FF-and-Propigation.png>
Package pdftex.def Info: figures/2_2-SET-FF-and-Propigation.png  used on input line 364.
(pdftex.def)             Requested size: 303.53267pt x 316.27505pt.
 [51 <./figures/2_2-SET-Diagram.png>] [52 <./figures/2_2-SET-FF-and-Propigation.png>] [53]
<figures/2_2-SEB-Xsection.pdf, id=1530, 617.30624pt x 450.18187pt>
File: figures/2_2-SEB-Xsection.pdf Graphic file (type pdf)
<use figures/2_2-SEB-Xsection.pdf>
Package pdftex.def Info: figures/2_2-SEB-Xsection.pdf  used on input line 431.
(pdftex.def)             Requested size: 281.85034pt x 205.54747pt.
<figures/2_2-SEGR-Diagram.pdf, id=1533, 403.5075pt x 414.04688pt>
File: figures/2_2-SEGR-Diagram.pdf Graphic file (type pdf)
<use figures/2_2-SEGR-Diagram.pdf>
Package pdftex.def Info: figures/2_2-SEGR-Diagram.pdf  used on input line 443.
(pdftex.def)             Requested size: 281.85034pt x 289.21167pt.
<figures/2_2-SEGR-Onset-Xsec.pdf, id=1536, 414.04688pt x 304.13625pt>
File: figures/2_2-SEGR-Onset-Xsec.pdf Graphic file (type pdf)
<use figures/2_2-SEGR-Onset-Xsec.pdf>
Package pdftex.def Info: figures/2_2-SEGR-Onset-Xsec.pdf  used on input line 455.
(pdftex.def)             Requested size: 281.85034pt x 207.0373pt.
 [54 <./figures/2_2-SEB-Xsection.pdf>] [55 <./figures/2_2-SEGR-Diagram.pdf>] [56 <./figures/2_2-SEGR-Onset-Xsec.pdf>] [57] [58]
<figures/2_5-fault-tolerant-mechanisms.pdf, id=1576, 436.63126pt x 255.95625pt>
File: figures/2_5-fault-tolerant-mechanisms.pdf Graphic file (type pdf)
<use figures/2_5-fault-tolerant-mechanisms.pdf>
Package pdftex.def Info: figures/2_5-fault-tolerant-mechanisms.pdf  used on input line 561.
(pdftex.def)             Requested size: 325.215pt x 190.64272pt.
<figures/2_5-TMR-voter-flowchart.pdf, id=1579, 963.6pt x 1081.03876pt>
File: figures/2_5-TMR-voter-flowchart.pdf Graphic file (type pdf)
<use figures/2_5-TMR-voter-flowchart.pdf>
Package pdftex.def Info: figures/2_5-TMR-voter-flowchart.pdf  used on input line 572.
(pdftex.def)             Requested size: 303.53267pt x 340.51251pt.
 [59 <./figures/2_5-fault-tolerant-mechanisms.pdf>] [60 <./figures/2_5-TMR-voter-flowchart.pdf>] [61]

LaTeX Warning: Reference `ch:FPGA_system' on page 62 undefined on input line 661.

[62] [63] [64]
Overfull \hbox (0.90294pt too wide) in paragraph at lines 752--752
[]\T1/cmr/bx/n/14.4 Regulatory Path-way for COTS FP-GAs in Nu-clear Plants 
 []

[65]
<figures/2_6-testing-approaches.pdf, id=1662, 361.35pt x 248.42813pt>
File: figures/2_6-testing-approaches.pdf Graphic file (type pdf)
<use figures/2_6-testing-approaches.pdf>
Package pdftex.def Info: figures/2_6-testing-approaches.pdf  used on input line 786.
(pdftex.def)             Requested size: 368.57964pt x 253.40091pt.
 [66 <./figures/2_6-testing-approaches.pdf>] [67]
Overfull \hbox (3.37213pt too wide) in paragraph at lines 861--876
\T1/cmr/m/n/12 Alamos Neu-tron Sci-ence Cen-ter (LAN-SCE) ICE House pro-vides a quasi-monoenergetic
 []

[68] [69] [70]

LaTeX Warning: Reference `ch:FPGA_system' on page 71 undefined on input line 948.

) [71] [72]
\openout2 = `ch4.solarcells.aux'.

 (ch4.solarcells.tex
Chapter 4.

Package hyperref Warning: Token not allowed in a PDF string (Unicode):
(hyperref)                removing `math shift' on input line 8.


Package hyperref Warning: Token not allowed in a PDF string (Unicode):
(hyperref)                removing `subscript' on input line 8.


Package hyperref Warning: Token not allowed in a PDF string (Unicode):
(hyperref)                removing `math shift' on input line 8.


Package hyperref Warning: Token not allowed in a PDF string (Unicode):
(hyperref)                removing `math shift' on input line 8.


Package hyperref Warning: Token not allowed in a PDF string (Unicode):
(hyperref)                removing `subscript' on input line 8.


Package hyperref Warning: Token not allowed in a PDF string (Unicode):
(hyperref)                removing `math shift' on input line 8.


Package hyperref Warning: Token not allowed in a PDF string (Unicode):
(hyperref)                removing `math shift' on input line 8.


Package hyperref Warning: Token not allowed in a PDF string (Unicode):
(hyperref)                removing `subscript' on input line 8.


Package hyperref Warning: Token not allowed in a PDF string (Unicode):
(hyperref)                removing `math shift' on input line 8.

[73




]
<figures/4_1_device_structure.jpg, id=1742, 455.45157pt x 117.43875pt>
File: figures/4_1_device_structure.jpg Graphic file (type jpg)
<use figures/4_1_device_structure.jpg>
Package pdftex.def Info: figures/4_1_device_structure.jpg  used on input line 74.
(pdftex.def)             Requested size: 260.17464pt x 67.0877pt.
 [74]
<figures/4_2_pv_performance.png, id=1748, 389.95688pt x 191.21437pt>
File: figures/4_2_pv_performance.png Graphic file (type png)
<use figures/4_2_pv_performance.png>
Package pdftex.def Info: figures/4_2_pv_performance.png  used on input line 93.
(pdftex.def)             Requested size: 368.57964pt x 180.73938pt.
 [75 <./figures/4_1_device_structure.jpg>] [76 <./figures/4_2_pv_performance.png>] [77]
<figures/4_3_xray_iv.png, id=1769, 262.581pt x 166.221pt>
File: figures/4_3_xray_iv.png Graphic file (type png)
<use figures/4_3_xray_iv.png>
Package pdftex.def Info: figures/4_3_xray_iv.png  used on input line 211.
(pdftex.def)             Requested size: 303.53267pt x 192.15701pt.
 [78] [79 <./figures/4_3_xray_iv.png>] [80]
<figures/4_4_cs137_response.png, id=1795, 428.60126pt x 282.05376pt>
File: figures/4_4_cs137_response.png Graphic file (type png)
<use figures/4_4_cs137_response.png>
Package pdftex.def Info: figures/4_4_cs137_response.png  used on input line 296.
(pdftex.def)             Requested size: 346.89731pt x 228.28583pt.
 [81 <./figures/4_4_cs137_response.png>]
<figures/4_5_cs137_longterm.png, id=1802, 404.51125pt x 275.0275pt>
File: figures/4_5_cs137_longterm.png Graphic file (type png)
<use figures/4_5_cs137_longterm.png>
Package pdftex.def Info: figures/4_5_cs137_longterm.png  used on input line 320.
(pdftex.def)             Requested size: 346.89731pt x 235.86017pt.

Underfull \hbox (badness 2119) in paragraph at lines 327--327
[]\T1/cmr/m/n/12 Figure 4.5: []Long-term evo-lu-tion of $\OML/cmm/m/it/12 I[]$ \T1/cmr/m/n/12 un-der con-tin-u-ous $[]$Cs ir-ra-di-a-tion
 []

[82 <./figures/4_5_cs137_longterm.png>]
<figures/4_6_co60_response.png, id=1813, 412.54124pt x 276.03125pt>
File: figures/4_6_co60_response.png Graphic file (type png)
<use figures/4_6_co60_response.png>
Package pdftex.def Info: figures/4_6_co60_response.png  used on input line 361.
(pdftex.def)             Requested size: 346.89731pt x 232.11316pt.
 [83] [84 <./figures/4_6_co60_response.png>] [85] [86]) [87]
\openout2 = `ch6.aux'.

 (ch6.tex
Chapter 5.
[88




] [89]
Overfull \hbox (3.58002pt too wide) in paragraph at lines 107--109
[]\T1/cmr/m/n/12 Several prac-ti-cal con-straints com-pli-cate the ex-per-i-men-tal char-ac-ter-i-sa-tion of FPGA
 []

[90]
Overfull \hbox (0.91281pt too wide) in paragraph at lines 157--160
[]\T1/cmr/m/n/12 A \T1/cmr/bx/n/12 scan-farm fab-ric \T1/cmr/m/n/12 (\T1/cmtt/m/n/12 ff_scanfarm \T1/cmr/m/n/12 / \T1/cmtt/m/n/12 ff_scanfarm_sig\T1/cmr/m/n/12 ) that in-stan-ti-ates many
 []

[91]
Underfull \hbox (badness 10000) in paragraph at lines 192--193
[]\T1/cmr/bx/n/10.95 Main Al-go-rith-mic
 []


Underfull \hbox (badness 10000) in paragraph at lines 194--194
[]\T1/cmtt/m/n/10.95 top_selftest_
 []


Underfull \hbox (badness 1112) in paragraph at lines 195--195
\T1/cmr/m/n/10.95 i-ment con-troller
 []


Underfull \hbox (badness 10000) in paragraph at lines 195--195
\T1/cmr/m/n/10.95 and teleme-try
 []


Underfull \hbox (badness 2600) in paragraph at lines 196--196
[]\T1/cmr/m/n/10.95 Clock, re-set, scan
 []


Underfull \hbox (badness 10000) in paragraph at lines 196--196
\T1/cmr/m/n/10.95 UART hand-shake,
 []


Underfull \hbox (badness 1394) in paragraph at lines 196--196
\T1/cmr/m/n/10.95 sta-tus/counter out-
 []


Underfull \hbox (badness 10000) in paragraph at lines 197--198
\T1/cmr/m/n/10.95 pe-ri-od-i-cally pack-ages
 []


Underfull \hbox (badness 10000) in paragraph at lines 200--200
[]\T1/cmr/m/n/10.95 Wrapper layer
 []


Underfull \hbox (badness 10000) in paragraph at lines 201--201
[]\T1/cmtt/m/n/10.95 CHAINS\T1/cmr/m/n/10.95 ,
 []


Underfull \hbox (badness 10000) in paragraph at lines 201--201
\T1/cmtt/m/n/10.95 BITS_PER_CHAIN\T1/cmr/m/n/10.95 ,
 []


Underfull \hbox (badness 10000) in paragraph at lines 201--201
\T1/cmtt/m/n/10.95 INJECT_EN\T1/cmr/m/n/10.95 ,
 []


Underfull \hbox (badness 10000) in paragraph at lines 201--201
\T1/cmtt/m/n/10.95 INJ_TAP\T1/cmr/m/n/10.95 ,
 []


Underfull \hbox (badness 10000) in paragraph at lines 201--201
\T1/cmtt/m/n/10.95 error_live\T1/cmr/m/n/10.95 ,
 []


Underfull \hbox (badness 2057) in paragraph at lines 202--203
\T1/cmr/m/n/10.95 stan-ti-at-ing the ro-bust
 []


Underfull \hbox (badness 4846) in paragraph at lines 202--203
\T1/cmr/m/n/10.95 signature-based im-ple-
 []


Underfull \hbox (badness 10000) in paragraph at lines 204--204
[]\T1/cmtt/m/n/10.95 ff_scanfarm_sig
 []


Underfull \hbox (badness 2443) in paragraph at lines 205--205
[]\T1/cmr/m/n/10.95 Core mon-i-tored
 []


Underfull \hbox (badness 10000) in paragraph at lines 206--206
\T1/cmtt/m/n/10.95 capture_en\T1/cmr/m/n/10.95 ,
 []


Underfull \hbox (badness 10000) in paragraph at lines 206--206
\T1/cmtt/m/n/10.95 scan_in/out\T1/cmr/m/n/10.95 ,
 []


Underfull \hbox (badness 10000) in paragraph at lines 207--208
[]\T1/cmr/m/n/10.95 Updates each chain
 []


Underfull \hbox (badness 10000) in paragraph at lines 207--208
\T1/cmr/m/n/10.95 com-pares com-pact
 []


Underfull \hbox (badness 6575) in paragraph at lines 211--211
\T1/cmr/m/n/10.95 per-stage reg-is-ters,
 []


Underfull \hbox (badness 10000) in paragraph at lines 211--211
\T1/cmr/m/n/10.95 op-tional in-jec-tion
 []


Underfull \hbox (badness 10000) in paragraph at lines 212--213
[]\T1/cmr/m/n/10.95 Implements shift-
 []


Underfull \hbox (badness 10000) in paragraph at lines 212--213
\T1/cmr/m/n/10.95 register re-cur-rences;
 []


Underfull \hbox (badness 10000) in paragraph at lines 212--213
\T1/cmr/m/n/10.95 op-tional con-trolled
 []


Underfull \hbox (badness 10000) in paragraph at lines 212--213
\T1/cmr/m/n/10.95 bit-flip in-ser-tion for
 []


Underfull \hbox (badness 10000) in paragraph at lines 215--215
[]\T1/cmr/m/n/10.95 Pseudo-random
 []


Underfull \hbox (badness 10000) in paragraph at lines 216--216
[]\T1/cmr/m/n/10.95 31-bit state, en-
 []


Underfull \hbox (badness 10000) in paragraph at lines 216--216
\T1/cmr/m/n/10.95 able/reset, PRBS
 []


Underfull \hbox (badness 6268) in paragraph at lines 217--218
[]\T1/cmr/m/n/10.95 Maximal-length LFSR
 []


Underfull \hbox (badness 10000) in paragraph at lines 219--219
[]\T1/cmtt/m/n/10.95 uart_tx \T1/cmr/m/n/10.95 /
 []


Underfull \hbox (badness 10000) in paragraph at lines 220--220
\T1/cmr/m/n/10.95 ro-bust vari-ant
 []


Underfull \hbox (badness 10000) in paragraph at lines 220--220
\T1/cmr/m/n/10.95 adds fram-ing
 []


Underfull \hbox (badness 10000) in paragraph at lines 221--221
\T1/cmr/m/n/10.95 baud di-vider,
 []


Underfull \hbox (badness 1424) in paragraph at lines 222--223
[]\T1/cmr/m/n/10.95 Converts par-al-lel byte
 []


Underfull \hbox (badness 6032) in paragraph at lines 222--223
\T1/cmr/m/n/10.95 + stop bit at pro-
 []


Underfull \hbox (badness 1308) in paragraph at lines 222--223
\T1/cmr/m/n/10.95 grammable baud rate;
 []

[92] [93] [94] [95] [96] [97]
<figures/27thPower_closed_fluence.png, id=1933, 433.62pt x 289.08pt>
File: figures/27thPower_closed_fluence.png Graphic file (type png)
<use figures/27thPower_closed_fluence.png>
Package pdftex.def Info: figures/27thPower_closed_fluence.png  used on input line 444.
(pdftex.def)             Requested size: 433.62pt x 289.09251pt.
<figures/27thPower_closed_flux.png, id=1934, 433.62pt x 289.08pt>
File: figures/27thPower_closed_flux.png Graphic file (type png)
<use figures/27thPower_closed_flux.png>
Package pdftex.def Info: figures/27thPower_closed_flux.png  used on input line 454.
(pdftex.def)             Requested size: 433.62pt x 289.09251pt.
<figures/27thPower_closed_power.png, id=1935, 433.62pt x 289.08pt>
File: figures/27thPower_closed_power.png Graphic file (type png)
<use figures/27thPower_closed_power.png>
Package pdftex.def Info: figures/27thPower_closed_power.png  used on input line 464.
(pdftex.def)             Requested size: 433.62pt x 289.09251pt.
<figures/28thPower_open_fluence.png, id=1936, 433.62pt x 289.08pt>
File: figures/28thPower_open_fluence.png Graphic file (type png)
<use figures/28thPower_open_fluence.png>
Package pdftex.def Info: figures/28thPower_open_fluence.png  used on input line 474.
(pdftex.def)             Requested size: 433.62pt x 289.09251pt.
<figures/28thPower_open_flux.png, id=1937, 433.62pt x 289.08pt>
File: figures/28thPower_open_flux.png Graphic file (type png)
<use figures/28thPower_open_flux.png>
Package pdftex.def Info: figures/28thPower_open_flux.png  used on input line 484.
(pdftex.def)             Requested size: 433.62pt x 289.09251pt.
<figures/28thPower_open_power.png, id=1938, 433.62pt x 289.08pt>
File: figures/28thPower_open_power.png Graphic file (type png)
<use figures/28thPower_open_power.png>
Package pdftex.def Info: figures/28thPower_open_power.png  used on input line 494.
(pdftex.def)             Requested size: 433.62pt x 289.09251pt.
<figures/overlay_fluence_total.png, id=1939, 433.62pt x 289.08pt>
File: figures/overlay_fluence_total.png Graphic file (type png)
<use figures/overlay_fluence_total.png>
Package pdftex.def Info: figures/overlay_fluence_total.png  used on input line 502.
(pdftex.def)             Requested size: 433.62pt x 289.09251pt.
<figures/overlay_flux_total.png, id=1940, 433.62pt x 289.08pt>
File: figures/overlay_flux_total.png Graphic file (type png)
<use figures/overlay_flux_total.png>
Package pdftex.def Info: figures/overlay_flux_total.png  used on input line 513.
(pdftex.def)             Requested size: 433.62pt x 289.09251pt.
<figures/overlay_power.png, id=1941, 433.62pt x 289.08pt>
File: figures/overlay_power.png Graphic file (type png)
<use figures/overlay_power.png>
Package pdftex.def Info: figures/overlay_power.png  used on input line 523.
(pdftex.def)             Requested size: 433.62pt x 289.09251pt.
 [98] [99 <./figures/27thPower_closed_fluence.png>] [100 <./figures/27thPower_closed_flux.png>] [101 <./figures/27thPower_closed_power.png>] [102 <./figures/28thPower_open_fluence.png>] [103 <./figures/28thPower_open_flux.png>] [104 <./figures/28thPower_open_power.png>] [105 <./figures/overlay_fluence_total.png>] [106 <./figures/overlay_flux_total.png>] [107 <./figures/overlay_power.png>] [108]
<figures/Day1 CMOD.png, id=2002, 647.41875pt x 327.2225pt>
File: figures/Day1 CMOD.png Graphic file (type png)
<use figures/Day1 CMOD.png>
Package pdftex.def Info: figures/Day1 CMOD.png  used on input line 615.
(pdftex.def)             Requested size: 433.62pt x 219.16304pt.
 [109] [110 <./figures/Day1 CMOD.png>] [111]
<figures/Overnight CMOD.png, id=2021, 654.445pt x 327.2225pt>
File: figures/Overnight CMOD.png Graphic file (type png)
<use figures/Overnight CMOD.png>
Package pdftex.def Info: figures/Overnight CMOD.png  used on input line 703.
(pdftex.def)             Requested size: 433.62pt x 216.81133pt.
 [112 <./figures/Overnight CMOD.png>]
Overfull \hbox (5.38875pt too wide) in paragraph at lines 728--728
[]\T1/cmr/bx/n/12 Device| 
 []


Overfull \hbox (2.23396pt too wide) in paragraph at lines 732--732
[]\T1/cmr/m/n/12 FFSR1| 
 []


Overfull \hbox (2.23396pt too wide) in paragraph at lines 734--734
[]\T1/cmr/m/n/12 FFSR2| 
 []


Overfull \hbox (2.23396pt too wide) in paragraph at lines 735--735
[]\T1/cmr/m/n/12 FFSR3| 
 []


Overfull \hbox (2.23396pt too wide) in paragraph at lines 737--737
[]\T1/cmr/m/n/12 FFSR4| 
 []


Overfull \hbox (2.23396pt too wide) in paragraph at lines 739--739
[]\T1/cmr/m/n/12 FFSR5| 
 []


Overfull \hbox (48.00095pt too wide) in paragraph at lines 726--742
 [][] 
 []

[113]
Overfull \hbox (0.38176pt too wide) in paragraph at lines 784--793
[]\T1/cmr/bx/n/12 Part 1 ($\OMS/cmsy/m/n/12 ^^X$\T1/cmr/bx/n/12 07:21--14:15): \T1/cmr/m/n/12 Cur-rent in-creased steadily from ap-prox-i-mately 0.28 A
 []

[114]
<figures/Day2 CMOD.png, id=2042, 647.41875pt x 327.2225pt>
File: figures/Day2 CMOD.png Graphic file (type png)
<use figures/Day2 CMOD.png>
Package pdftex.def Info: figures/Day2 CMOD.png  used on input line 803.
(pdftex.def)             Requested size: 433.62pt x 219.16304pt.
<figures/Day2 part2 CMOD.png, id=2043, 654.445pt x 327.2225pt>
File: figures/Day2 part2 CMOD.png Graphic file (type png)
<use figures/Day2 part2 CMOD.png>
Package pdftex.def Info: figures/Day2 part2 CMOD.png  used on input line 816.
(pdftex.def)             Requested size: 433.62pt x 216.81133pt.
 [115 <./figures/Day2 CMOD.png>]
Overfull \hbox (2.74751pt too wide) in paragraph at lines 850--861
[]\T1/cmr/m/n/12 The burst event itself---the $\OMS/cmsy/m/n/12 ^^X$\T1/cmr/m/n/12 500$\OMS/cmsy/m/n/12 ^^B$ \T1/cmr/m/n/12 in-crease in UART trans-mis-sion rate---is strongly
 []

[116 <./figures/Day2 part2 CMOD.png>] [117] [118] [119]) [120]
\openout2 = `app1.aux'.

 (app1.tex
Appendix A.

Package hyperref Warning: The anchor of a bookmark and its parent's must not
(hyperref)                be the same. Added a new anchor on input line 1.


LaTeX Warning: Reference `example-table' on page 121 undefined on input line 5.

) [121




]
\openout2 = `app2.aux'.

 (app2.tex
Appendix B.
[122




]) [123] (Thesis.bbl [124
\def\@LN@column{1}



] [125] [126] [127]
Underfull \hbox (badness 10000) in paragraph at lines 319--324
\T1/cmtt/m/n/12 com / radiation-[]detection-[]scintillators / crystal-[]scintillators /
 []


Underfull \hbox (badness 10000) in paragraph at lines 336--341
[]\T1/cmr/m/n/12 Microchip Tech-nol-ogy.  RTG4 radiation-tolerant FP-GAs.
 []


Underfull \hbox (badness 10000) in paragraph at lines 336--341
[]$\T1/cmtt/m/n/12 https : / / www . microchip . com / en-[]us / products / fpgas-[]and-[]plds /
 []


Underfull \hbox (badness 1406) in paragraph at lines 336--341
\T1/cmtt/m/n/12 radiation-[]tolerant-[]fpgas / rtg4-[]radiation-[]tolerant-[]fpgas$[]\T1/cmr/m/n/12 .  Ac-cessed
 []

[128]
Underfull \hbox (badness 1603) in paragraph at lines 379--384
[]\T1/cmr/m/n/12 Nature Re-search In-tel-li-gence.  Sil-i-con de-tec-tors and ra-di-a-tion dam-age.
 []


Underfull \hbox (badness 10000) in paragraph at lines 379--384
[]$\T1/cmtt/m/n/12 https : / / www . nature . com / research-[]intelligence / nri-[]topic-[]summaries /
 []


Underfull \hbox (badness 10000) in paragraph at lines 379--384
\T1/cmtt/m/n/12 silicon-[]detectors-[]and-[]radiation-[]damage-[]micro-[]530460$[]\T1/cmr/m/n/12 .  Ac-cessed
 []


Underfull \hbox (badness 2334) in paragraph at lines 409--414
[]\T1/cmr/m/n/12 Nuclear-Power.com.  Ex-core nu-clear in-stru-men-ta-tion sys-tem.  []$\T1/cmtt/m/n/12 https :
 []


Underfull \hbox (badness 10000) in paragraph at lines 409--414
\T1/cmtt/m/n/12 / / www . nuclear-[]power . com / nuclear-[]power-[]plant / nuclear-[]reactor /
 []

[129] [130] [131]
Overfull \hbox (35.80934pt too wide) in paragraph at lines 575--582
\T1/cmtt/m/n/12 cop28-[]countries-[]launch-[]declaration-[]triple-[]nuclear-[]energy-[]capacity-[]2050$[]\T1/cmr/m/n/12 ,
 []

[132]) [133] (Thesis.aux (ack.aux) (vita.aux) (ch1.intro.aux) (ch2.problem.aux) (ch3.PerFn.aux) (ch4.solarcells.aux) (ch6.aux) (app1.aux) (app2.aux))
 ***********
LaTeX2e <2025-11-01>
L3 programming layer <2026-01-19>
 ***********


LaTeX Warning: There were undefined references.

Package rerunfilecheck Info: File `Thesis.out' has not changed.
(rerunfilecheck)             Checksum: 039E78BA0D420EF5CE809ACE2BDCFD64;28246.
 ) 
Here is how much of TeX's memory you used:
 11932 strings out of 467867
 188818 string characters out of 5418335
 624697 words of memory out of 5000000
 40129 multiletter control sequences out of 15000+600000
 651467 words of font info for 106 fonts, out of 8000000 for 9000
 1141 hyphenation exceptions out of 8191
 75i,12n,79p,875b,663s stack positions out of 10000i,1000n,20000p,200000b,200000s
 <C:\Users\wrp19\AppData\Local\MiKTeX\fonts/pk/ljfour/jknappen/ec/dpi600\ectt1440.pk> <C:\Users\wrp19\AppData\Local\MiKTeX\fonts/pk/ljfour/jknappen/ec/dpi600\ecrm0600.pk> <C:\Users\wrp19\AppData\Local\MiKTeX\fonts/pk/ljfour/jknappen/ec/dpi600\ecrm0800.pk> <C:\Users\wrp19\AppData\Local\MiKTeX\fonts/pk/ljfour/jknappen/ec/dpi600\ecrm1095.pk> <C:\Users\wrp19\AppData\Local\MiKTeX\fonts/pk/ljfour/jknappen/ec/dpi600\ectt1095.pk> <C:\Users\wrp19\AppData\Local\MiKTeX\fonts/pk/ljfour/jknappen/ec/dpi600\ecbx1095.pk> <C:\Users\wrp19\AppData\Local\MiKTeX\fonts/pk/ljfour/jknappen/ec/dpi600\ecbi1440.pk> <C:\Users\wrp19\AppData\Local\MiKTeX\fonts/pk/ljfour/jknappen/ec/dpi600\ecrm1000.pk> <C:\Users\wrp19\AppData\Local\MiKTeX\fonts/pk/ljfour/jknappen/ec/dpi600\ectt1200.pk> <C:\Users\wrp19\AppData\Local\MiKTeX\fonts/pk/ljfour/jknappen/ec/dpi600\ecti1200.pk> <C:\Users\wrp19\AppData\Local\MiKTeX\fonts/pk/ljfour/jknappen/ec/dpi600\ecbx1200.pk> <C:\Users\wrp19\AppData\Local\MiKTeX\fonts/pk/ljfour/jknappen/ec/dpi600\ecbx1440.pk> <C:\Users\wrp19\AppData\Local\MiKTeX\fonts/pk/ljfour/jknappen/ec/dpi600\tcrm1200.pk> <C:\Users\wrp19\AppData\Local\MiKTeX\fonts/pk/ljfour/jknappen/ec/dpi600\ecrm1200.pk> <C:\Users\wrp19\AppData\Local\MiKTeX\fonts/pk/ljfour/jknappen/ec/dpi600\ecrm1440.pk> <C:\Users\wrp19\AppData\Local\MiKTeX\fonts/pk/ljfour/jknappen/ec/dpi450\ecss0800.pk> <C:\Users\wrp19\AppData\Local\MiKTeX\fonts/pk/ljfour/jknappen/ec/dpi600\ecrm1728.pk><C:/Users/wrp19/AppData/Local/Programs/MiKTeX/fonts/type1/public/amsfonts/cm/cmbx12.pfb><C:/Users/wrp19/AppData/Local/Programs/MiKTeX/fonts/type1/public/amsfonts/cm/cmex10.pfb><C:/Users/wrp19/AppData/Local/Programs/MiKTeX/fonts/type1/public/amsfonts/cm/cmmi10.pfb><C:/Users/wrp19/AppData/Local/Programs/MiKTeX/fonts/type1/public/amsfonts/cm/cmmi12.pfb><C:/Users/wrp19/AppData/Local/Programs/MiKTeX/fonts/type1/public/amsfonts/cm/cmmi6.pfb><C:/Users/wrp19/AppData/Local/Programs/MiKTeX/fonts/type1/public/amsfonts/cm/cmmi8.pfb><C:/Users/wrp19/AppData/Local/Programs/MiKTeX/fonts/type1/public/amsfonts/cm/cmr10.pfb><C:/Users/wrp19/AppData/Local/Programs/MiKTeX/fonts/type1/public/amsfonts/cm/cmr12.pfb><C:/Users/wrp19/AppData/Local/Programs/MiKTeX/fonts/type1/public/amsfonts/cm/cmr6.pfb><C:/Users/wrp19/AppData/Local/Programs/MiKTeX/fonts/type1/public/amsfonts/cm/cmr7.pfb><C:/Users/wrp19/AppData/Local/Programs/MiKTeX/fonts/type1/public/amsfonts/cm/cmr8.pfb><C:/Users/wrp19/AppData/Local/Programs/MiKTeX/fonts/type1/public/amsfonts/cm/cmsy10.pfb><C:/Users/wrp19/AppData/Local/Programs/MiKTeX/fonts/type1/public/amsfonts/cm/cmsy8.pfb><C:/Users/wrp19/AppData/Local/Programs/MiKTeX/fonts/type1/public/amsfonts/symbols/msam10.pfb>
Output written on Thesis.pdf (151 pages, 3301387 bytes).
PDF statistics:
 2992 PDF objects out of 3580 (max. 8388607)
 470 named destinations out of 1000 (max. 500000)
 1135 words of extra memory for PDF output out of 10000 (max. 10000000)

