\BOOKMARK [0][-]{chapter*.1}{\376\377\000A\000b\000s\000t\000r\000a\000c\000t}{}% 1
\BOOKMARK [0][-]{section*.2}{\376\377\000D\000e\000d\000i\000c\000a\000t\000i\000o\000n}{}% 2
\BOOKMARK [0][-]{chapter*.3}{\376\377\000A\000c\000k\000n\000o\000w\000l\000e\000d\000g\000m\000e\000n\000t\000s}{}% 3
\BOOKMARK [0][-]{chapter*.4}{\376\377\000V\000i\000t\000a}{}% 4
\BOOKMARK [0][-]{chapter*.6}{\376\377\000L\000i\000s\000t\000\040\000o\000f\000\040\000T\000a\000b\000l\000e\000s}{}% 5
\BOOKMARK [0][-]{chapter*.7}{\376\377\000L\000i\000s\000t\000\040\000o\000f\000\040\000F\000i\000g\000u\000r\000e\000s}{}% 6
\BOOKMARK [0][-]{chapter.1}{\376\377\000I\000n\000t\000r\000o\000d\000u\000c\000t\000i\000o\000n}{}% 7
\BOOKMARK [1][-]{section.1.1}{\376\377\000N\000u\000c\000l\000e\000a\000r\000\040\000P\000o\000w\000e\000r\000\040\000a\000n\000d\000\040\000t\000h\000e\000\040\000G\000l\000o\000b\000a\000l\000\040\000D\000e\000c\000a\000r\000b\000o\000n\000i\000z\000a\000t\000i\000o\000n\000\040\000C\000o\000n\000t\000e\000x\000t}{chapter.1}% 8
\BOOKMARK [1][-]{section.1.2}{\376\377\000T\000h\000e\000\040\000R\000e\000g\000u\000l\000a\000t\000o\000r\000y\000\040\000F\000o\000u\000n\000d\000a\000t\000i\000o\000n\000\040\000f\000o\000r\000\040\000R\000a\000d\000i\000a\000t\000i\000o\000n\000\040\000M\000o\000n\000i\000t\000o\000r\000i\000n\000g}{chapter.1}% 9
\BOOKMARK [1][-]{section.1.3}{\376\377\000L\000i\000m\000i\000t\000a\000t\000i\000o\000n\000s\000\040\000o\000f\000\040\000C\000u\000r\000r\000e\000n\000t\000\040\000R\000a\000d\000i\000a\000t\000i\000o\000n\000\040\000D\000e\000t\000e\000c\000t\000o\000r\000\040\000T\000e\000c\000h\000n\000o\000l\000o\000g\000i\000e\000s}{chapter.1}% 10
\BOOKMARK [1][-]{section.1.4}{\376\377\000T\000h\000e\000\040\000E\000c\000o\000n\000o\000m\000i\000c\000s\000\040\000o\000f\000\040\000N\000u\000c\000l\000e\000a\000r\000\040\000I\000n\000s\000t\000r\000u\000m\000e\000n\000t\000a\000t\000i\000o\000n}{chapter.1}% 11
\BOOKMARK [1][-]{section.1.5}{\376\377\000R\000e\000s\000e\000a\000r\000c\000h\000\040\000O\000b\000j\000e\000c\000t\000i\000v\000e\000s\000\040\000a\000n\000d\000\040\000D\000i\000s\000s\000e\000r\000t\000a\000t\000i\000o\000n\000\040\000O\000r\000g\000a\000n\000i\000z\000a\000t\000i\000o\000n}{chapter.1}% 12
\BOOKMARK [0][-]{chapter.2}{\376\377\000B\000a\000c\000k\000g\000r\000o\000u\000n\000d\000:\000\040\000H\000a\000l\000i\000d\000e\000\040\000P\000e\000r\000o\000v\000s\000k\000i\000t\000e\000\040\000S\000e\000m\000i\000c\000o\000n\000d\000u\000c\000t\000o\000r\000s\000\040\000f\000o\000r\000\040\000R\000a\000d\000i\000a\000t\000i\000o\000n\000\040\000D\000e\000t\000e\000c\000t\000i\000o\000n}{}% 13
\BOOKMARK [1][-]{section.2.1}{\376\377\000T\000h\000e\000\040\000P\000e\000r\000o\000v\000s\000k\000i\000t\000e\000\040\000C\000r\000y\000s\000t\000a\000l\000\040\000S\000t\000r\000u\000c\000t\000u\000r\000e\000\040\000a\000n\000d\000\040\000M\000a\000t\000e\000r\000i\000a\000l\000\040\000F\000a\000m\000i\000l\000i\000e\000s}{chapter.2}% 14
\BOOKMARK [2][-]{subsection.2.1.1}{\376\377\000T\000h\000e\000\040\000A\000B\000X\0003\000\040\000A\000r\000c\000h\000e\000t\000y\000p\000e}{section.2.1}% 15
\BOOKMARK [2][-]{subsection.2.1.2}{\376\377\000T\000h\000r\000e\000e\000-\000D\000i\000m\000e\000n\000s\000i\000o\000n\000a\000l\000\040\000S\000t\000r\000u\000c\000t\000u\000r\000e\000s}{section.2.1}% 16
\BOOKMARK [2][-]{subsection.2.1.3}{\376\377\000T\000w\000o\000-\000D\000i\000m\000e\000n\000s\000i\000o\000n\000a\000l\000\040\000R\000u\000d\000d\000l\000e\000s\000d\000e\000n\000-\000P\000o\000p\000p\000e\000r\000\040\000S\000t\000r\000u\000c\000t\000u\000r\000e\000s}{section.2.1}% 17
\BOOKMARK [2][-]{subsection.2.1.4}{\376\377\000M\000e\000t\000h\000y\000l\000h\000y\000d\000r\000a\000z\000i\000n\000i\000u\000m\000\040\000L\000e\000a\000d\000\040\000C\000h\000l\000o\000r\000i\000d\000e\000\040\000\050\000M\000H\000y\000P\000b\000C\000l\0003\000\051}{section.2.1}% 18
\BOOKMARK [1][-]{section.2.2}{\376\377\000R\000a\000d\000i\000a\000t\000i\000o\000n\000\040\000D\000e\000t\000e\000c\000t\000i\000o\000n\000\040\000F\000u\000n\000d\000a\000m\000e\000n\000t\000a\000l\000s}{chapter.2}% 19
\BOOKMARK [2][-]{subsection.2.2.1}{\376\377\000M\000e\000c\000h\000a\000n\000i\000s\000m\000s\000\040\000o\000f\000\040\000I\000o\000n\000i\000z\000i\000n\000g\000\040\000R\000a\000d\000i\000a\000t\000i\000o\000n\000\040\000D\000e\000t\000e\000c\000t\000i\000o\000n}{section.2.2}% 20
\BOOKMARK [2][-]{subsection.2.2.2}{\376\377\000E\000n\000e\000r\000g\000y\000\040\000R\000e\000s\000o\000l\000u\000t\000i\000o\000n\000\040\000a\000n\000d\000\040\000P\000u\000l\000s\000e\000\040\000H\000e\000i\000g\000h\000t\000\040\000A\000n\000a\000l\000y\000s\000i\000s}{section.2.2}% 21
\BOOKMARK [2][-]{subsection.2.2.3}{\376\377\000X\000-\000R\000a\000y\000\040\000D\000e\000t\000e\000c\000t\000o\000r\000\040\000S\000e\000n\000s\000i\000t\000i\000v\000i\000t\000y}{section.2.2}% 22
\BOOKMARK [2][-]{subsection.2.2.4}{\376\377\000N\000e\000u\000t\000r\000o\000n\000\040\000D\000e\000t\000e\000c\000t\000i\000o\000n\000\040\000a\000n\000d\000\040\000D\000i\000s\000c\000r\000i\000m\000i\000n\000a\000t\000i\000o\000n}{section.2.2}% 23
\BOOKMARK [1][-]{section.2.3}{\376\377\000W\000i\000d\000e\000\040\000B\000a\000n\000d\000g\000a\000p\000\040\000S\000e\000m\000i\000c\000o\000n\000d\000u\000c\000t\000o\000r\000s\000\040\000f\000o\000r\000\040\000R\000o\000o\000m\000-\000T\000e\000m\000p\000e\000r\000a\000t\000u\000r\000e\000\040\000D\000e\000t\000e\000c\000t\000i\000o\000n}{chapter.2}% 24
\BOOKMARK [2][-]{subsection.2.3.1}{\376\377\000T\000h\000e\000\040\000R\000o\000o\000m\000-\000T\000e\000m\000p\000e\000r\000a\000t\000u\000r\000e\000\040\000C\000o\000n\000s\000t\000r\000a\000i\000n\000t}{section.2.3}% 25
\BOOKMARK [2][-]{subsection.2.3.2}{\376\377\000F\000i\000g\000u\000r\000e\000s\000\040\000o\000f\000\040\000M\000e\000r\000i\000t\000\040\000f\000o\000r\000\040\000W\000i\000d\000e\000\040\000B\000a\000n\000d\000g\000a\000p\000\040\000D\000e\000t\000e\000c\000t\000o\000r\000\040\000M\000a\000t\000e\000r\000i\000a\000l\000s}{section.2.3}% 26
\BOOKMARK [2][-]{subsection.2.3.3}{\376\377\000T\000h\000e\000\040\000W\000i\000d\000e\000\040\000B\000a\000n\000d\000g\000a\000p\000\040\000M\000a\000t\000e\000r\000i\000a\000l\000\040\000L\000a\000n\000d\000s\000c\000a\000p\000e}{section.2.3}% 27
\BOOKMARK [2][-]{subsection.2.3.4}{\376\377\000W\000h\000y\000\040\000B\000a\000n\000d\000g\000a\000p\000\040\000E\000n\000g\000i\000n\000e\000e\000r\000i\000n\000g\000\040\000M\000a\000t\000t\000e\000r\000s\000:\000\040\000T\000h\000e\000\040\000P\000e\000r\000o\000v\000s\000k\000i\000t\000e\000\040\000A\000d\000v\000a\000n\000t\000a\000g\000e}{section.2.3}% 28
\BOOKMARK [1][-]{section.2.4}{\376\377\000R\000a\000d\000i\000a\000t\000i\000o\000n\000\040\000I\000n\000t\000e\000r\000a\000c\000t\000i\000o\000n\000\040\000w\000i\000t\000h\000\040\000H\000i\000g\000h\000-\000Z\000\040\000S\000e\000m\000i\000c\000o\000n\000d\000u\000c\000t\000o\000r\000s}{chapter.2}% 29
\BOOKMARK [2][-]{subsection.2.4.1}{\376\377\000P\000h\000o\000t\000o\000n\000\040\000I\000n\000t\000e\000r\000a\000c\000t\000i\000o\000n\000s}{section.2.4}% 30
\BOOKMARK [2][-]{subsection.2.4.2}{\376\377\000C\000h\000a\000r\000g\000e\000\040\000T\000r\000a\000n\000s\000p\000o\000r\000t\000\040\000a\000n\000d\000\040\000t\000h\000e\000\040\000H\000e\000c\000h\000t\000\040\000E\000q\000u\000a\000t\000i\000o\000n}{section.2.4}% 31
\BOOKMARK [1][-]{section.2.5}{\376\377\000S\000c\000h\000o\000t\000t\000k\000y\000\040\000D\000i\000o\000d\000e\000\040\000C\000o\000n\000t\000a\000c\000t\000s\000\040\000i\000n\000\040\000S\000e\000m\000i\000c\000o\000n\000d\000u\000c\000t\000o\000r\000\040\000D\000e\000t\000e\000c\000t\000o\000r\000s}{chapter.2}% 32
\BOOKMARK [2][-]{subsection.2.5.1}{\376\377\000M\000e\000t\000a\000l\000-\000S\000e\000m\000i\000c\000o\000n\000d\000u\000c\000t\000o\000r\000\040\000J\000u\000n\000c\000t\000i\000o\000n\000\040\000P\000h\000y\000s\000i\000c\000s}{section.2.5}% 33
\BOOKMARK [2][-]{subsection.2.5.2}{\376\377\000A\000p\000p\000l\000i\000c\000a\000t\000i\000o\000n\000\040\000t\000o\000\040\000H\000a\000l\000i\000d\000e\000\040\000P\000e\000r\000o\000v\000s\000k\000i\000t\000e\000\040\000D\000e\000t\000e\000c\000t\000o\000r\000s}{section.2.5}% 34
\BOOKMARK [1][-]{section.2.6}{\376\377\000I\000o\000n\000\040\000M\000i\000g\000r\000a\000t\000i\000o\000n\000\040\000i\000n\000\040\000H\000a\000l\000i\000d\000e\000\040\000P\000e\000r\000o\000v\000s\000k\000i\000t\000e\000s}{chapter.2}% 35
\BOOKMARK [2][-]{subsection.2.6.1}{\376\377\000O\000r\000i\000g\000i\000n\000s\000\040\000a\000n\000d\000\040\000M\000e\000c\000h\000a\000n\000i\000s\000m\000s}{section.2.6}% 36
\BOOKMARK [2][-]{subsection.2.6.2}{\376\377\000C\000o\000n\000s\000e\000q\000u\000e\000n\000c\000e\000s\000\040\000f\000o\000r\000\040\000D\000e\000t\000e\000c\000t\000o\000r\000\040\000P\000e\000r\000f\000o\000r\000m\000a\000n\000c\000e}{section.2.6}% 37
\BOOKMARK [2][-]{subsection.2.6.3}{\376\377\000M\000i\000t\000i\000g\000a\000t\000i\000o\000n\000\040\000S\000t\000r\000a\000t\000e\000g\000i\000e\000s}{section.2.6}% 38
\BOOKMARK [1][-]{section.2.7}{\376\377\000P\000r\000i\000o\000r\000\040\000A\000r\000t\000\040\000i\000n\000\040\000P\000e\000r\000o\000v\000s\000k\000i\000t\000e\000\040\000R\000a\000d\000i\000a\000t\000i\000o\000n\000\040\000D\000e\000t\000e\000c\000t\000o\000r\000s}{chapter.2}% 39
\BOOKMARK [2][-]{subsection.2.7.1}{\376\377\000E\000a\000r\000l\000y\000\040\000S\000i\000n\000g\000l\000e\000-\000C\000r\000y\000s\000t\000a\000l\000\040\000G\000a\000m\000m\000a\000\040\000D\000e\000t\000e\000c\000t\000o\000r\000s}{section.2.7}% 40
\BOOKMARK [2][-]{subsection.2.7.2}{\376\377\000C\000s\000P\000b\000B\000r\0003\000\040\000a\000n\000d\000\040\000t\000h\000e\000\040\000R\000e\000s\000o\000l\000u\000t\000i\000o\000n\000\040\000R\000e\000c\000o\000r\000d}{section.2.7}% 41
\BOOKMARK [2][-]{subsection.2.7.3}{\376\377\000X\000-\000R\000a\000y\000\040\000D\000e\000t\000e\000c\000t\000i\000o\000n\000\040\000a\000n\000d\000\040\000I\000m\000a\000g\000i\000n\000g}{section.2.7}% 42
\BOOKMARK [2][-]{subsection.2.7.4}{\376\377\000N\000e\000u\000t\000r\000o\000n\000\040\000D\000e\000t\000e\000c\000t\000i\000o\000n}{section.2.7}% 43
\BOOKMARK [2][-]{subsection.2.7.5}{\376\377\000M\000i\000x\000e\000d\000-\000C\000a\000t\000i\000o\000n\000\040\000a\000n\000d\000\040\0002\000D\000\040\000D\000e\000t\000e\000c\000t\000o\000r\000\040\000A\000r\000c\000h\000i\000t\000e\000c\000t\000u\000r\000e\000s}{section.2.7}% 44
\BOOKMARK [1][-]{section.2.8}{\376\377\000S\000u\000m\000m\000a\000r\000y}{chapter.2}% 45
\BOOKMARK [0][-]{chapter.3}{\376\377\000B\000a\000c\000k\000g\000r\000o\000u\000n\000d\000:\000\040\000R\000a\000d\000i\000a\000t\000i\000o\000n\000\040\000E\000f\000f\000e\000c\000t\000s\000\040\000o\000n\000\040\000D\000i\000g\000i\000t\000a\000l\000\040\000E\000l\000e\000c\000t\000r\000o\000n\000i\000c\000s\000\040\000a\000n\000d\000\040\000F\000P\000G\000A\000-\000B\000a\000s\000e\000d\000\040\000I\000n\000s\000t\000r\000u\000m\000e\000n\000t\000a\000t\000i\000o\000n}{}% 46
\BOOKMARK [1][-]{section.3.1}{\376\377\000R\000a\000d\000i\000a\000t\000i\000o\000n\000\040\000E\000n\000v\000i\000r\000o\000n\000m\000e\000n\000t\000s\000\040\000f\000o\000r\000\040\000D\000i\000g\000i\000t\000a\000l\000\040\000E\000l\000e\000c\000t\000r\000o\000n\000i\000c\000s}{chapter.3}% 47
\BOOKMARK [2][-]{subsection.3.1.1}{\376\377\000T\000h\000e\000\040\000S\000p\000a\000c\000e\000\040\000R\000a\000d\000i\000a\000t\000i\000o\000n\000\040\000E\000n\000v\000i\000r\000o\000n\000m\000e\000n\000t}{section.3.1}% 48
\BOOKMARK [2][-]{subsection.3.1.2}{\376\377\000T\000h\000e\000\040\000N\000u\000c\000l\000e\000a\000r\000\040\000P\000l\000a\000n\000t\000\040\000R\000a\000d\000i\000a\000t\000i\000o\000n\000\040\000E\000n\000v\000i\000r\000o\000n\000m\000e\000n\000t}{section.3.1}% 49
\BOOKMARK [2][-]{subsection.3.1.3}{\376\377\000T\000h\000e\000\040\000T\000e\000r\000r\000e\000s\000t\000r\000i\000a\000l\000\040\000C\000o\000s\000m\000i\000c\000-\000R\000a\000y\000\040\000E\000n\000v\000i\000r\000o\000n\000m\000e\000n\000t}{section.3.1}% 50
\BOOKMARK [1][-]{section.3.2}{\376\377\000T\000o\000t\000a\000l\000\040\000I\000o\000n\000i\000z\000i\000n\000g\000\040\000D\000o\000s\000e\000\040\000E\000f\000f\000e\000c\000t\000s}{chapter.3}% 51
\BOOKMARK [2][-]{subsection.3.2.1}{\376\377\000C\000h\000a\000r\000g\000e\000\040\000T\000r\000a\000p\000p\000i\000n\000g\000\040\000i\000n\000\040\000G\000a\000t\000e\000\040\000O\000x\000i\000d\000e\000s}{section.3.2}% 52
\BOOKMARK [2][-]{subsection.3.2.2}{\376\377\000T\000I\000D\000\040\000E\000f\000f\000e\000c\000t\000s\000\040\000i\000n\000\040\000M\000o\000d\000e\000r\000n\000\040\000F\000P\000G\000A\000s}{section.3.2}% 53
\BOOKMARK [1][-]{section.3.3}{\376\377\000S\000i\000n\000g\000l\000e\000-\000E\000v\000e\000n\000t\000\040\000E\000f\000f\000e\000c\000t\000s\000:\000\040\000P\000h\000y\000s\000i\000c\000a\000l\000\040\000M\000e\000c\000h\000a\000n\000i\000s\000m\000s}{chapter.3}% 54
\BOOKMARK [2][-]{subsection.3.3.1}{\376\377\000I\000o\000n\000\040\000T\000r\000a\000c\000k\000\040\000F\000o\000r\000m\000a\000t\000i\000o\000n\000\040\000a\000n\000d\000\040\000C\000h\000a\000r\000g\000e\000\040\000C\000o\000l\000l\000e\000c\000t\000i\000o\000n}{section.3.3}% 55
\BOOKMARK [2][-]{subsection.3.3.2}{\376\377\000T\000h\000e\000\040\000S\000E\000E\000\040\000S\000e\000n\000s\000i\000t\000i\000v\000i\000t\000y\000\040\000F\000i\000g\000u\000r\000e\000\040\000o\000f\000\040\000M\000e\000r\000i\000t\000:\000\040\000C\000r\000o\000s\000s\000-\000S\000e\000c\000t\000i\000o\000n}{section.3.3}% 56
\BOOKMARK [1][-]{section.3.4}{\376\377\000S\000i\000n\000g\000l\000e\000-\000E\000v\000e\000n\000t\000\040\000E\000f\000f\000e\000c\000t\000s\000\040\000T\000a\000x\000o\000n\000o\000m\000y}{chapter.3}% 57
\BOOKMARK [2][-]{subsection.3.4.1}{\376\377\000S\000i\000n\000g\000l\000e\000-\000E\000v\000e\000n\000t\000\040\000U\000p\000s\000e\000t\000\040\000\050\000S\000E\000U\000\051}{section.3.4}% 58
\BOOKMARK [2][-]{subsection.3.4.2}{\376\377\000M\000u\000l\000t\000i\000p\000l\000e\000\040\000C\000e\000l\000l\000\040\000U\000p\000s\000e\000t\000\040\000\050\000M\000C\000U\000\051}{section.3.4}% 59
\BOOKMARK [2][-]{subsection.3.4.3}{\376\377\000S\000i\000n\000g\000l\000e\000-\000E\000v\000e\000n\000t\000\040\000T\000r\000a\000n\000s\000i\000e\000n\000t\000\040\000\050\000S\000E\000T\000\051}{section.3.4}% 60
\BOOKMARK [2][-]{subsection.3.4.4}{\376\377\000S\000i\000n\000g\000l\000e\000-\000E\000v\000e\000n\000t\000\040\000F\000u\000n\000c\000t\000i\000o\000n\000a\000l\000\040\000I\000n\000t\000e\000r\000r\000u\000p\000t\000\040\000\050\000S\000E\000F\000I\000\051}{section.3.4}% 61
\BOOKMARK [2][-]{subsection.3.4.5}{\376\377\000S\000i\000n\000g\000l\000e\000-\000E\000v\000e\000n\000t\000\040\000L\000a\000t\000c\000h\000u\000p\000\040\000\050\000S\000E\000L\000\051}{section.3.4}% 62
\BOOKMARK [2][-]{subsection.3.4.6}{\376\377\000S\000i\000n\000g\000l\000e\000-\000E\000v\000e\000n\000t\000\040\000B\000u\000r\000n\000o\000u\000t\000\040\000\050\000S\000E\000B\000\051\000\040\000a\000n\000d\000\040\000G\000a\000t\000e\000\040\000R\000u\000p\000t\000u\000r\000e\000\040\000\050\000S\000E\000G\000R\000\051}{section.3.4}% 63
\BOOKMARK [1][-]{section.3.5}{\376\377\000F\000P\000G\000A\000\040\000A\000r\000c\000h\000i\000t\000e\000c\000t\000u\000r\000e\000\040\000a\000n\000d\000\040\000R\000a\000d\000i\000a\000t\000i\000o\000n\000\040\000V\000u\000l\000n\000e\000r\000a\000b\000i\000l\000i\000t\000y}{chapter.3}% 64
\BOOKMARK [2][-]{subsection.3.5.1}{\376\377\000S\000R\000A\000M\000-\000B\000a\000s\000e\000d\000\040\000F\000P\000G\000A\000\040\000A\000r\000c\000h\000i\000t\000e\000c\000t\000u\000r\000e}{section.3.5}% 65
\BOOKMARK [2][-]{subsection.3.5.2}{\376\377\000R\000a\000d\000i\000a\000t\000i\000o\000n\000\040\000S\000e\000n\000s\000i\000t\000i\000v\000i\000t\000y\000\040\000A\000c\000r\000o\000s\000s\000\040\000F\000P\000G\000A\000\040\000G\000e\000n\000e\000r\000a\000t\000i\000o\000n\000s}{section.3.5}% 66
\BOOKMARK [1][-]{section.3.6}{\376\377\000F\000a\000u\000l\000t\000-\000T\000o\000l\000e\000r\000a\000n\000t\000\040\000M\000i\000t\000i\000g\000a\000t\000i\000o\000n\000\040\000T\000e\000c\000h\000n\000i\000q\000u\000e\000s}{chapter.3}% 67
\BOOKMARK [2][-]{subsection.3.6.1}{\376\377\000T\000r\000i\000p\000l\000e\000\040\000M\000o\000d\000u\000l\000a\000r\000\040\000R\000e\000d\000u\000n\000d\000a\000n\000c\000y}{section.3.6}% 68
\BOOKMARK [2][-]{subsection.3.6.2}{\376\377\000C\000o\000n\000f\000i\000g\000u\000r\000a\000t\000i\000o\000n\000\040\000S\000c\000r\000u\000b\000b\000i\000n\000g}{section.3.6}% 69
\BOOKMARK [2][-]{subsection.3.6.3}{\376\377\000C\000o\000m\000b\000i\000n\000e\000d\000\040\000T\000M\000R\000-\000S\000c\000r\000u\000b\000b\000i\000n\000g\000\040\000a\000n\000d\000\040\000H\000y\000b\000r\000i\000d\000\040\000A\000p\000p\000r\000o\000a\000c\000h\000e\000s}{section.3.6}% 70
\BOOKMARK [2][-]{subsection.3.6.4}{\376\377\000E\000r\000r\000o\000r\000\040\000D\000e\000t\000e\000c\000t\000i\000o\000n\000\040\000a\000n\000d\000\040\000C\000o\000r\000r\000e\000c\000t\000i\000o\000n\000\040\000i\000n\000\040\000B\000l\000o\000c\000k\000\040\000R\000A\000M\000s}{section.3.6}% 71
\BOOKMARK [1][-]{section.3.7}{\376\377\000C\000O\000T\000S\000\040\000F\000P\000G\000A\000s\000\040\000i\000n\000\040\000N\000u\000c\000l\000e\000a\000r\000\040\000a\000n\000d\000\040\000R\000a\000d\000i\000a\000t\000i\000o\000n\000-\000C\000r\000i\000t\000i\000c\000a\000l\000\040\000A\000p\000p\000l\000i\000c\000a\000t\000i\000o\000n\000s}{chapter.3}% 72
\BOOKMARK [2][-]{subsection.3.7.1}{\376\377\000T\000h\000e\000\040\000C\000o\000s\000t\000-\000P\000e\000r\000f\000o\000r\000m\000a\000n\000c\000e\000\040\000T\000r\000a\000d\000e\000-\000o\000f\000f}{section.3.7}% 73
\BOOKMARK [2][-]{subsection.3.7.2}{\376\377\000D\000e\000m\000o\000n\000s\000t\000r\000a\000t\000e\000d\000\040\000C\000O\000T\000S\000\040\000F\000P\000G\000A\000\040\000P\000e\000r\000f\000o\000r\000m\000a\000n\000c\000e\000\040\000i\000n\000\040\000R\000a\000d\000i\000a\000t\000i\000o\000n\000\040\000E\000n\000v\000i\000r\000o\000n\000m\000e\000n\000t\000s}{section.3.7}% 74
\BOOKMARK [2][-]{subsection.3.7.3}{\376\377\000R\000e\000g\000u\000l\000a\000t\000o\000r\000y\000\040\000P\000a\000t\000h\000w\000a\000y\000\040\000f\000o\000r\000\040\000C\000O\000T\000S\000\040\000F\000P\000G\000A\000s\000\040\000i\000n\000\040\000N\000u\000c\000l\000e\000a\000r\000\040\000P\000l\000a\000n\000t\000s}{section.3.7}% 75
\BOOKMARK [1][-]{section.3.8}{\376\377\000T\000e\000s\000t\000i\000n\000g\000\040\000M\000e\000t\000h\000o\000d\000o\000l\000o\000g\000i\000e\000s\000\040\000f\000o\000r\000\040\000F\000P\000G\000A\000\040\000R\000a\000d\000i\000a\000t\000i\000o\000n\000\040\000Q\000u\000a\000l\000i\000f\000i\000c\000a\000t\000i\000o\000n}{chapter.3}% 76
\BOOKMARK [2][-]{subsection.3.8.1}{\376\377\000H\000e\000a\000v\000y\000-\000I\000o\000n\000\040\000T\000e\000s\000t\000i\000n\000g}{section.3.8}% 77
\BOOKMARK [2][-]{subsection.3.8.2}{\376\377\000P\000r\000o\000t\000o\000n\000\040\000T\000e\000s\000t\000i\000n\000g}{section.3.8}% 78
\BOOKMARK [2][-]{subsection.3.8.3}{\376\377\000N\000e\000u\000t\000r\000o\000n\000\040\000T\000e\000s\000t\000i\000n\000g}{section.3.8}% 79
\BOOKMARK [2][-]{subsection.3.8.4}{\376\377\000T\000o\000t\000a\000l\000\040\000I\000o\000n\000i\000z\000i\000n\000g\000\040\000D\000o\000s\000e\000\040\000T\000e\000s\000t\000i\000n\000g}{section.3.8}% 80
\BOOKMARK [2][-]{subsection.3.8.5}{\376\377\000G\000r\000o\000u\000n\000d\000-\000L\000e\000v\000e\000l\000\040\000a\000n\000d\000\040\000A\000c\000c\000e\000l\000e\000r\000a\000t\000e\000d\000\040\000S\000y\000s\000t\000e\000m\000\040\000T\000e\000s\000t\000i\000n\000g}{section.3.8}% 81
\BOOKMARK [1][-]{section.3.9}{\376\377\000S\000u\000m\000m\000a\000r\000y}{chapter.3}% 82
\BOOKMARK [0][-]{chapter.4}{\376\377\000C\000s\0000\000.\0001\000F\000A\0000\000.\0009\000P\000b\000I\0003\000\040\000P\000e\000r\000o\000v\000s\000k\000i\000t\000e\000\040\000S\000o\000l\000a\000r\000\040\000C\000e\000l\000l\000s\000\040\000a\000s\000\040\000I\000o\000n\000i\000z\000i\000n\000g\000\040\000R\000a\000d\000i\000a\000t\000i\000o\000n\000\040\000M\000o\000n\000i\000t\000o\000r\000s}{}% 83
\BOOKMARK [1][-]{section.4.1}{\376\377\000D\000e\000v\000i\000c\000e\000\040\000F\000a\000b\000r\000i\000c\000a\000t\000i\000o\000n\000\040\000a\000n\000d\000\040\000P\000h\000o\000t\000o\000v\000o\000l\000t\000a\000i\000c\000\040\000P\000e\000r\000f\000o\000r\000m\000a\000n\000c\000e}{chapter.4}% 84
\BOOKMARK [1][-]{section.4.2}{\376\377\000T\000e\000m\000p\000o\000r\000a\000l\000\040\000P\000h\000o\000t\000o\000r\000e\000s\000p\000o\000n\000s\000e\000\040\000C\000h\000a\000r\000a\000c\000t\000e\000r\000i\000z\000a\000t\000i\000o\000n}{chapter.4}% 85
\BOOKMARK [2][-]{subsection.4.2.1}{\376\377\000D\000C\000\040\000T\000r\000a\000n\000s\000i\000e\000n\000t\000\040\000R\000e\000s\000p\000o\000n\000s\000e}{section.4.2}% 86
\BOOKMARK [2][-]{subsection.4.2.2}{\376\377\000P\000u\000l\000s\000e\000d\000\040\000L\000a\000s\000e\000r\000\040\000R\000e\000s\000p\000o\000n\000s\000e}{section.4.2}% 87
\BOOKMARK [2][-]{subsection.4.2.3}{\376\377\000A\000C\000\040\000G\000r\000i\000d\000\040\000S\000i\000m\000u\000l\000a\000t\000i\000o\000n}{section.4.2}% 88
\BOOKMARK [1][-]{section.4.3}{\376\377\000X\000-\000R\000a\000y\000\040\000R\000e\000s\000p\000o\000n\000s\000e}{chapter.4}% 89
\BOOKMARK [1][-]{section.4.4}{\376\377\000G\000a\000m\000m\000a\000-\000R\000a\000y\000\040\000R\000e\000s\000p\000o\000n\000s\000e}{chapter.4}% 90
\BOOKMARK [2][-]{subsection.4.4.1}{\376\377\000M\000e\000a\000s\000u\000r\000e\000m\000e\000n\000t\000\040\000S\000e\000t\000u\000p\000\040\000a\000n\000d\000\040\000D\000o\000s\000e\000\040\000R\000a\000t\000e\000\040\000C\000a\000l\000i\000b\000r\000a\000t\000i\000o\000n}{section.4.4}% 91
\BOOKMARK [2][-]{subsection.4.4.2}{\376\377\000C\000e\000s\000i\000u\000m\000-\0001\0003\0007\000\040\000I\000r\000r\000a\000d\000i\000a\000t\000i\000o\000n}{section.4.4}% 92
\BOOKMARK [2][-]{subsection.4.4.3}{\376\377\000C\000o\000b\000a\000l\000t\000-\0006\0000\000\040\000I\000r\000r\000a\000d\000i\000a\000t\000i\000o\000n}{section.4.4}% 93
\BOOKMARK [1][-]{section.4.5}{\376\377\000N\000e\000u\000t\000r\000o\000n\000\040\000R\000e\000s\000p\000o\000n\000s\000e}{chapter.4}% 94
\BOOKMARK [2][-]{subsection.4.5.1}{\376\377\000S\000t\000e\000a\000d\000y\000-\000S\000t\000a\000t\000e\000\040\000R\000e\000a\000c\000t\000o\000r\000\040\000M\000e\000a\000s\000u\000r\000e\000m\000e\000n\000t\000s}{section.4.5}% 95
\BOOKMARK [2][-]{subsection.4.5.2}{\376\377\000C\000h\000o\000p\000p\000e\000d\000-\000B\000e\000a\000m\000\040\000T\000r\000a\000n\000s\000i\000e\000n\000t\000\040\000M\000e\000a\000s\000u\000r\000e\000m\000e\000n\000t\000s}{section.4.5}% 96
\BOOKMARK [1][-]{section.4.6}{\376\377\000S\000u\000m\000m\000a\000r\000y}{chapter.4}% 97
\BOOKMARK [0][-]{chapter.5}{\376\377\000D\000i\000g\000i\000t\000a\000l\000\040\000E\000l\000e\000c\000t\000r\000o\000n\000i\000c\000s\000\040\000V\000e\000r\000i\000f\000i\000c\000a\000t\000i\000o\000n\000\040\000M\000e\000t\000h\000o\000d\000s\000\040\000f\000o\000r\000\040\000R\000a\000d\000i\000a\000t\000i\000o\000n\000\040\000E\000n\000v\000i\000r\000o\000n\000m\000e\000n\000t\000s}{}% 98
\BOOKMARK [1][-]{section.5.1}{\376\377\000I\000n\000t\000r\000o\000d\000u\000c\000t\000i\000o\000n}{chapter.5}% 99
\BOOKMARK [1][-]{section.5.2}{\376\377\000R\000a\000d\000i\000a\000t\000i\000o\000n\000\040\000E\000f\000f\000e\000c\000t\000s\000\040\000i\000n\000\040\000F\000P\000G\000A\000s}{chapter.5}% 100
\BOOKMARK [1][-]{section.5.3}{\376\377\000F\000P\000G\000A\000\040\000V\000e\000r\000i\000f\000i\000c\000a\000t\000i\000o\000n\000\040\000C\000h\000a\000l\000l\000e\000n\000g\000e\000s\000\040\000i\000n\000\040\000N\000u\000c\000l\000e\000a\000r\000\040\000S\000y\000s\000t\000e\000m\000s}{chapter.5}% 101
\BOOKMARK [1][-]{section.5.4}{\376\377\000F\000F\000S\000R\000\040\000R\000T\000L\000\040\000A\000r\000c\000h\000i\000t\000e\000c\000t\000u\000r\000e}{chapter.5}% 102
\BOOKMARK [2][-]{subsection.5.4.1}{\376\377\000S\000y\000s\000t\000e\000m\000-\000L\000e\000v\000e\000l\000\040\000O\000v\000e\000r\000v\000i\000e\000w}{section.5.4}% 103
\BOOKMARK [2][-]{subsection.5.4.2}{\376\377\000M\000o\000d\000u\000l\000e\000\040\000D\000e\000s\000c\000r\000i\000p\000t\000i\000o\000n\000s}{section.5.4}% 104
\BOOKMARK [2][-]{subsection.5.4.3}{\376\377\000C\000o\000r\000e\000\040\000A\000l\000g\000o\000r\000i\000t\000h\000m\000s}{section.5.4}% 105
\BOOKMARK [1][-]{section.5.5}{\376\377\000T\000e\000s\000t\000\040\000C\000o\000n\000f\000i\000g\000u\000r\000a\000t\000i\000o\000n}{chapter.5}% 106
\BOOKMARK [2][-]{subsection.5.5.1}{\376\377\000D\000e\000v\000i\000c\000e\000s\000\040\000U\000n\000d\000e\000r\000\040\000T\000e\000s\000t}{section.5.5}% 107
\BOOKMARK [2][-]{subsection.5.5.2}{\376\377\000R\000a\000d\000i\000a\000t\000i\000o\000n\000\040\000E\000n\000v\000i\000r\000o\000n\000m\000e\000n\000t}{section.5.5}% 108
\BOOKMARK [1][-]{section.5.6}{\376\377\000E\000x\000p\000e\000r\000i\000m\000e\000n\000t\000a\000l\000\040\000R\000e\000s\000u\000l\000t\000s}{chapter.5}% 109
\BOOKMARK [2][-]{subsection.5.6.1}{\376\377\000B\000a\000s\000e\000l\000i\000n\000e\000\040\000T\000e\000s\000t\000\040\000\050\000J\000a\000n\000u\000a\000r\000y\000\040\0002\0006\000,\000\040\000O\000u\000t\000\040\000o\000f\000\040\000B\000e\000a\000m\000\051}{section.5.6}% 110
\BOOKMARK [2][-]{subsection.5.6.2}{\376\377\000D\000a\000y\000\040\0001\000\040\000R\000e\000a\000c\000t\000o\000r\000\040\000R\000u\000n\000\040\000\050\000J\000a\000n\000u\000a\000r\000y\000\040\0002\0007\000\051}{section.5.6}% 111
\BOOKMARK [2][-]{subsection.5.6.3}{\376\377\000O\000v\000e\000r\000n\000i\000g\000h\000t\000\040\000M\000o\000n\000i\000t\000o\000r\000i\000n\000g\000\040\000\050\000J\000a\000n\000u\000a\000r\000y\000\040\0002\0007\040\023\0002\0008\000\051}{section.5.6}% 112
\BOOKMARK [2][-]{subsection.5.6.4}{\376\377\000D\000a\000y\000\040\0002\000\040\000R\000e\000a\000c\000t\000o\000r\000\040\000R\000u\000n\000\040\000\050\000J\000a\000n\000u\000a\000r\000y\000\040\0002\0008\000\051}{section.5.6}% 113
\BOOKMARK [1][-]{section.5.7}{\376\377\000D\000i\000s\000c\000u\000s\000s\000i\000o\000n}{chapter.5}% 114
\BOOKMARK [2][-]{subsection.5.7.1}{\376\377\000S\000E\000U\000\040\000S\000e\000n\000s\000i\000t\000i\000v\000i\000t\000y\000\040\000o\000f\000\040\000t\000h\000e\000\040\000D\000M\000R\000\040\000D\000e\000s\000i\000g\000n}{section.5.7}% 115
\BOOKMARK [2][-]{subsection.5.7.2}{\376\377\000C\000o\000n\000f\000i\000g\000u\000r\000a\000t\000i\000o\000n\000\040\000M\000e\000m\000o\000r\000y\000\040\000V\000u\000l\000n\000e\000r\000a\000b\000i\000l\000i\000t\000y}{section.5.7}% 116
\BOOKMARK [2][-]{subsection.5.7.3}{\376\377\000T\000I\000D\000\040\000E\000f\000f\000e\000c\000t\000s\000\040\000i\000n\000\040\000P\000S\000U\000\040\000C\000u\000r\000r\000e\000n\000t\000\040\000D\000a\000t\000a}{section.5.7}% 117
\BOOKMARK [2][-]{subsection.5.7.4}{\376\377\000I\000m\000p\000l\000i\000c\000a\000t\000i\000o\000n\000s\000\040\000f\000o\000r\000\040\000F\000P\000G\000A\000\040\000R\000a\000d\000i\000a\000t\000i\000o\000n\000\040\000H\000a\000r\000d\000e\000n\000i\000n\000g}{section.5.7}% 118
\BOOKMARK [1][-]{section.5.8}{\376\377\000S\000u\000m\000m\000a\000r\000y}{chapter.5}% 119
\BOOKMARK [-1][-]{appendix.A}{\376\377\000A\000p\000p\000e\000n\000d\000i\000c\000e\000s}{}% 120
\BOOKMARK [0][-]{section*.23}{\376\377\000T\000h\000e\000\040\000D\000a\000t\000a\000\040\000o\000n\000\040\000C\000o\000w\000s}{appendix.A}% 121
\BOOKMARK [0][-]{appendix.B}{\376\377\000I\000m\000p\000o\000r\000t\000a\000n\000t\000\040\000c\000o\000m\000m\000a\000n\000d\000s\000\040\000d\000e\000f\000i\000n\000e\000d\000\040\000i\000n\000\040\000o\000s\000u\000d\000i\000s\000s\000e\000r\000t\0009\0006}{appendix.A}% 122
\BOOKMARK [0][-]{appendix*.24}{\376\377\000B\000i\000b\000l\000i\000o\000g\000r\000a\000p\000h\000y}{appendix.A}% 123
